Loading weights:   0%|          | 0/103 [00:00<?, ?it/s]Loading weights: 100%|██████████| 103/103 [00:00<00:00, 1162.90it/s]
15:10:09|INFO   |legacy DEV: FA_rename=0.4125 FA_logic=0.0 DET={'ADD': 0.82, 'ANDOR': 0.53, 'ARG_SWAP': 0.637, 'DROP': 0.841, 'NEG': 0.83, 'IMPL_REV': 0.799, 'MERGE': 0.875, 'QUANT': 0.769, 'CARD': 0.5} AUROC=0.7027930266210352 (279s)
Loading weights:   0%|          | 0/103 [00:00<?, ?it/s]Loading weights:  84%|████████▍ | 87/103 [00:00<00:00, 847.79it/s]Loading weights: 100%|██████████| 103/103 [00:00<00:00, 971.34it/s]
15:12:01|INFO   |t0.35_wup_L6_b0.0: FA_rename=0.150 FA_logic=0.008 DET={'ADD': 0.51, 'ANDOR': 0.53, 'ARG_SWAP': 0.608, 'DROP': 0.909, 'NEG': 0.873, 'IMPL_REV': 0.828, 'MERGE': 0.917, 'QUANT': 0.812, 'CARD': 0.5} AUROC=0.6803867974366631 (112s)
15:12:01|INFO   |t0.35_wup_L6_b0.1: FA_rename=0.113 FA_logic=0.008 DET={'ADD': 0.45, 'ANDOR': 0.51, 'ARG_SWAP': 0.618, 'DROP': 0.898, 'NEG': 0.857, 'IMPL_REV': 0.813, 'MERGE': 0.91, 'QUANT': 0.8, 'CARD': 0.5} AUROC=0.6786411557985161 (0s)
Loading weights:   0%|          | 0/199 [00:00<?, ?it/s]Loading weights: 100%|██████████| 199/199 [00:00<00:00, 9917.50it/s]
15:13:33|INFO   |t0.35_wup_mpnet_b0.0: FA_rename=0.138 FA_logic=0.008 DET={'ADD': 0.497, 'ANDOR': 0.53, 'ARG_SWAP': 0.608, 'DROP': 0.898, 'NEG': 0.87, 'IMPL_REV': 0.828, 'MERGE': 0.917, 'QUANT': 0.806, 'CARD': 0.5} AUROC=0.6845901187495695 (92s)
15:13:33|INFO   |t0.35_wup_mpnet_b0.1: FA_rename=0.113 FA_logic=0.008 DET={'ADD': 0.46, 'ANDOR': 0.52, 'ARG_SWAP': 0.618, 'DROP': 0.898, 'NEG': 0.857, 'IMPL_REV': 0.813, 'MERGE': 0.917, 'QUANT': 0.794, 'CARD': 0.5} AUROC=0.6777683349794428 (0s)
15:13:34|INFO   |t0.35_path_L6_b0.0: FA_rename=0.163 FA_logic=0.008 DET={'ADD': 0.75, 'ANDOR': 0.54, 'ARG_SWAP': 0.618, 'DROP': 0.909, 'NEG': 0.85, 'IMPL_REV': 0.813, 'MERGE': 0.91, 'QUANT': 0.806, 'CARD': 0.5} AUROC=0.6889082849070906 (1s)
15:13:35|INFO   |t0.35_path_L6_b0.1: FA_rename=0.125 FA_logic=0.008 DET={'ADD': 0.6, 'ANDOR': 0.52, 'ARG_SWAP': 0.618, 'DROP': 0.852, 'NEG': 0.843, 'IMPL_REV': 0.806, 'MERGE': 0.903, 'QUANT': 0.787, 'CARD': 0.5} AUROC=0.6891609435652433 (0s)
15:13:35|INFO   |t0.35_path_mpnet_b0.0: FA_rename=0.163 FA_logic=0.008 DET={'ADD': 0.72, 'ANDOR': 0.54, 'ARG_SWAP': 0.618, 'DROP': 0.875, 'NEG': 0.84, 'IMPL_REV': 0.806, 'MERGE': 0.903, 'QUANT': 0.8, 'CARD': 0.5} AUROC=0.693375749362611 (0s)
15:13:35|INFO   |t0.35_path_mpnet_b0.1: FA_rename=0.113 FA_logic=0.008 DET={'ADD': 0.61, 'ANDOR': 0.53, 'ARG_SWAP': 0.618, 'DROP': 0.898, 'NEG': 0.843, 'IMPL_REV': 0.806, 'MERGE': 0.903, 'QUANT': 0.787, 'CARD': 0.5} AUROC=0.6912855731906195 (0s)
15:13:36|INFO   |t0.45_wup_L6_b0.0: FA_rename=0.175 FA_logic=0.008 DET={'ADD': 0.57, 'ANDOR': 0.53, 'ARG_SWAP': 0.608, 'DROP': 0.898, 'NEG': 0.857, 'IMPL_REV': 0.821, 'MERGE': 0.903, 'QUANT': 0.806, 'CARD': 0.5} AUROC=0.6850265291591062 (0s)
15:13:36|INFO   |t0.45_wup_L6_b0.1: FA_rename=0.113 FA_logic=0.008 DET={'ADD': 0.52, 'ANDOR': 0.52, 'ARG_SWAP': 0.618, 'DROP': 0.898, 'NEG': 0.853, 'IMPL_REV': 0.813, 'MERGE': 0.903, 'QUANT': 0.794, 'CARD': 0.5} AUROC=0.6835909686014195 (0s)
15:13:36|INFO   |t0.45_wup_mpnet_b0.0: FA_rename=0.175 FA_logic=0.008 DET={'ADD': 0.567, 'ANDOR': 0.53, 'ARG_SWAP': 0.608, 'DROP': 0.898, 'NEG': 0.857, 'IMPL_REV': 0.821, 'MERGE': 0.903, 'QUANT': 0.806, 'CARD': 0.5} AUROC=0.6847509015320301 (0s)
15:13:37|INFO   |t0.45_wup_mpnet_b0.1: FA_rename=0.113 FA_logic=0.008 DET={'ADD': 0.513, 'ANDOR': 0.52, 'ARG_SWAP': 0.618, 'DROP': 0.898, 'NEG': 0.853, 'IMPL_REV': 0.813, 'MERGE': 0.903, 'QUANT': 0.794, 'CARD': 0.5} AUROC=0.6827181477823461 (0s)
15:13:37|INFO   |t0.45_path_L6_b0.0: FA_rename=0.188 FA_logic=0.008 DET={'ADD': 0.81, 'ANDOR': 0.54, 'ARG_SWAP': 0.618, 'DROP': 0.852, 'NEG': 0.833, 'IMPL_REV': 0.806, 'MERGE': 0.903, 'QUANT': 0.787, 'CARD': 0.5} AUROC=0.6974871947998255 (0s)
15:13:37|INFO   |t0.45_path_L6_b0.1: FA_rename=0.125 FA_logic=0.008 DET={'ADD': 0.763, 'ANDOR': 0.53, 'ARG_SWAP': 0.618, 'DROP': 0.875, 'NEG': 0.833, 'IMPL_REV': 0.799, 'MERGE': 0.903, 'QUANT': 0.781, 'CARD': 0.5} AUROC=0.7014608264235018 (0s)
15:13:37|INFO   |t0.45_path_mpnet_b0.0: FA_rename=0.188 FA_logic=0.008 DET={'ADD': 0.803, 'ANDOR': 0.54, 'ARG_SWAP': 0.618, 'DROP': 0.898, 'NEG': 0.837, 'IMPL_REV': 0.806, 'MERGE': 0.903, 'QUANT': 0.794, 'CARD': 0.5} AUROC=0.699738153754278 (0s)
15:13:38|INFO   |t0.45_path_mpnet_b0.1: FA_rename=0.138 FA_logic=0.008 DET={'ADD': 0.737, 'ANDOR': 0.53, 'ARG_SWAP': 0.618, 'DROP': 0.875, 'NEG': 0.833, 'IMPL_REV': 0.799, 'MERGE': 0.903, 'QUANT': 0.781, 'CARD': 0.5} AUROC=0.7004961297287364 (0s)
15:13:38|INFO   |t0.55_wup_L6_b0.0: FA_rename=0.175 FA_logic=0.008 DET={'ADD': 0.627, 'ANDOR': 0.53, 'ARG_SWAP': 0.608, 'DROP': 0.864, 'NEG': 0.85, 'IMPL_REV': 0.821, 'MERGE': 0.903, 'QUANT': 0.806, 'CARD': 0.5} AUROC=0.6899189195397017 (0s)
15:13:38|INFO   |t0.55_wup_L6_b0.1: FA_rename=0.138 FA_logic=0.008 DET={'ADD': 0.59, 'ANDOR': 0.52, 'ARG_SWAP': 0.618, 'DROP': 0.886, 'NEG': 0.85, 'IMPL_REV': 0.813, 'MERGE': 0.903, 'QUANT': 0.794, 'CARD': 0.5} AUROC=0.6856466913200266 (0s)
15:13:39|INFO   |t0.55_wup_mpnet_b0.0: FA_rename=0.175 FA_logic=0.008 DET={'ADD': 0.627, 'ANDOR': 0.53, 'ARG_SWAP': 0.618, 'DROP': 0.898, 'NEG': 0.847, 'IMPL_REV': 0.821, 'MERGE': 0.903, 'QUANT': 0.806, 'CARD': 0.5} AUROC=0.6834761237568048 (0s)
15:13:39|INFO   |t0.55_wup_mpnet_b0.1: FA_rename=0.138 FA_logic=0.008 DET={'ADD': 0.59, 'ANDOR': 0.52, 'ARG_SWAP': 0.618, 'DROP': 0.898, 'NEG': 0.85, 'IMPL_REV': 0.813, 'MERGE': 0.903, 'QUANT': 0.794, 'CARD': 0.5} AUROC=0.6848312929232607 (0s)
15:13:39|INFO   |t0.55_path_L6_b0.0: FA_rename=0.188 FA_logic=0.008 DET={'ADD': 0.837, 'ANDOR': 0.54, 'ARG_SWAP': 0.598, 'DROP': 0.841, 'NEG': 0.83, 'IMPL_REV': 0.806, 'MERGE': 0.903, 'QUANT': 0.787, 'CARD': 0.5} AUROC=0.7035050646576475 (0s)
15:13:39|INFO   |t0.55_path_L6_b0.1: FA_rename=0.150 FA_logic=0.008 DET={'ADD': 0.823, 'ANDOR': 0.53, 'ARG_SWAP': 0.618, 'DROP': 0.864, 'NEG': 0.83, 'IMPL_REV': 0.799, 'MERGE': 0.903, 'QUANT': 0.775, 'CARD': 0.5} AUROC=0.7021958334290372 (0s)
15:13:40|INFO   |t0.55_path_mpnet_b0.0: FA_rename=0.188 FA_logic=0.008 DET={'ADD': 0.833, 'ANDOR': 0.54, 'ARG_SWAP': 0.608, 'DROP': 0.875, 'NEG': 0.827, 'IMPL_REV': 0.806, 'MERGE': 0.903, 'QUANT': 0.787, 'CARD': 0.5} AUROC=0.6982336862898225 (0s)
15:13:40|INFO   |t0.55_path_mpnet_b0.1: FA_rename=0.150 FA_logic=0.008 DET={'ADD': 0.823, 'ANDOR': 0.53, 'ARG_SWAP': 0.618, 'DROP': 0.875, 'NEG': 0.83, 'IMPL_REV': 0.799, 'MERGE': 0.903, 'QUANT': 0.775, 'CARD': 0.5} AUROC=0.7020580196154994 (0s)
15:13:40|INFO   |fallback variant DEV: 0.1375 DET={'ADD': (0.7266666666666667, 150), 'ANDOR': (0.53, 50), 'ARG_SWAP': (0.6176470588235294, 51), 'DROP': (0.8863636363636364, 44), 'NEG': (0.8366666666666667, 150), 'IMPL_REV': (0.7985074626865671, 67), 'MERGE': (0.9027777777777778, 72), 'QUANT': (0.78125, 80), 'CARD': (0.5, 16)}
15:13:50|INFO   |R1 chosen t0.55_path_L6_b0.1 fallback=False; TEST chosen FA_rename=0.12903225806451613 FA_RENAME2=0.5149253731343284 FA_logic=0.0070921985815602835 AUROC=0.7382523148148147; legacy FA_rename=0.41935483870967744 FA_RENAME2=0.5746268656716418 AUROC=0.7320717592592592
