04:03:34|INFO   |700 sentences, 33859 pair jobs, workers=22
04:03:34|INFO   |pairs: 33859 requested, 19182 to compute (582 cached)
04:03:48|INFO   |  pairs 800/19182 13s (59.8/s)
04:03:52|INFO   |  pairs 1600/19182 18s (89.6/s)
04:03:58|INFO   |  pairs 2400/19182 23s (103.2/s)
04:04:04|INFO   |  pairs 3200/19182 29s (109.0/s)
04:04:08|INFO   |  pairs 4000/19182 34s (118.9/s)
04:04:13|INFO   |  pairs 4800/19182 38s (126.2/s)
04:04:18|INFO   |  pairs 5600/19182 43s (129.8/s)
04:04:22|INFO   |  pairs 6400/19182 47s (134.9/s)
04:04:28|INFO   |  pairs 7200/19182 54s (134.2/s)
04:04:34|INFO   |  pairs 8000/19182 59s (134.6/s)
04:04:39|INFO   |  pairs 8800/19182 65s (135.7/s)
04:04:44|INFO   |  pairs 9600/19182 70s (137.8/s)
04:04:48|INFO   |  pairs 10400/19182 74s (140.7/s)
04:04:53|INFO   |  pairs 11200/19182 78s (142.8/s)
04:04:57|INFO   |  pairs 12000/19182 83s (145.2/s)
04:05:00|INFO   |  pairs 12800/19182 86s (149.0/s)
04:05:06|INFO   |  pairs 13600/19182 91s (148.9/s)
04:05:11|INFO   |  pairs 14400/19182 96s (149.7/s)
04:05:16|INFO   |  pairs 15200/19182 101s (150.1/s)
04:05:20|INFO   |  pairs 16000/19182 106s (151.6/s)
04:05:26|INFO   |  pairs 16800/19182 112s (150.6/s)
04:05:30|INFO   |  pairs 17600/19182 116s (152.3/s)
04:05:35|INFO   |  pairs 18400/19182 120s (152.9/s)
04:05:51|INFO   |pairs done 19182 in 136s
04:05:51|INFO   |done {'n_new': 19182, 'seconds': 136.4037914276123} wall 136.5s
