04:13:07|INFO   |S1 eligible (mode>=2 EQUIV gold): 251; relaxed pool: 71
04:13:07|INFO   |S1 chosen 251 Counter({'proverqa': 146, 'malls': 73, 'folio': 32}) relaxed=False
04:13:11|INFO   |  build_sentence 0/251
04:13:42|INFO   |  build_sentence 50/251
04:13:43|INFO   |  build_sentence 100/251
04:13:43|INFO   |  build_sentence 150/251
04:13:43|INFO   |  build_sentence 200/251
04:13:44|INFO   |  build_sentence 250/251
04:13:45|INFO   |built 223/251 (Counter({'no_renderable_mode_member': 28})) in 38s
04:13:45|INFO   |pairs: 27905 requested, 16588 to compute (20373 cached)
04:13:50|INFO   |  pairs 800/16588 5s (171.8/s)
04:13:51|INFO   |  pairs 1600/16588 6s (275.3/s)
04:13:52|INFO   |  pairs 2400/16588 7s (357.4/s)
04:13:53|INFO   |  pairs 3200/16588 8s (409.4/s)
04:13:54|INFO   |  pairs 4000/16588 9s (445.5/s)
04:13:55|INFO   |  pairs 4800/16588 10s (478.7/s)
04:13:56|INFO   |  pairs 5600/16588 11s (496.1/s)
04:13:57|INFO   |  pairs 6400/16588 12s (521.0/s)
04:13:58|INFO   |  pairs 7200/16588 13s (537.8/s)
04:13:59|INFO   |  pairs 8000/16588 14s (555.0/s)
04:14:00|INFO   |  pairs 8800/16588 16s (566.9/s)
04:14:02|INFO   |  pairs 9600/16588 17s (574.1/s)
04:14:03|INFO   |  pairs 10400/16588 18s (589.6/s)
04:14:04|INFO   |  pairs 11200/16588 19s (594.8/s)
04:14:05|INFO   |  pairs 12000/16588 20s (603.2/s)
04:14:06|INFO   |  pairs 12800/16588 21s (606.9/s)
04:14:07|INFO   |  pairs 13600/16588 22s (612.5/s)
04:14:08|INFO   |  pairs 14400/16588 23s (615.7/s)
04:14:09|INFO   |  pairs 15200/16588 25s (619.0/s)
04:14:11|INFO   |  pairs 16000/16588 26s (620.4/s)
04:14:12|INFO   |pairs done 16588 in 27s
04:14:51|INFO   |  score_sentence 0/223
04:14:52|INFO   |  score_sentence 50/223
04:14:52|INFO   |  score_sentence 100/223
04:14:53|INFO   |  score_sentence 150/223
04:14:53|INFO   |  score_sentence 200/223
04:14:55|INFO   |M1 done: 3175 probe rows in 108s
