04:15:12|INFO   |C1000: 999 (595 panel + 404 extra)
04:16:49|INFO   |rewrites built in 97s: Counter({('syn_rename', True): 999, ('tok_rename', True): 999, ('var_rename', True): 999, ('reorder', True): 892, ('prenex', False): 846, ('demorgan', True): 773, ('contrapositive', True): 765, ('contrapositive', False): 234, ('demorgan', False): 226, ('prenex', True): 153, ('reorder', False): 107})
04:16:50|INFO   |pairs: 48072 requested, 33125 to compute (36961 cached)
04:17:00|INFO   |  pairs 800/33125 10s (80.7/s)
04:17:07|INFO   |  pairs 1600/33125 17s (93.4/s)
04:17:12|INFO   |  pairs 2400/33125 22s (109.1/s)
04:17:17|INFO   |  pairs 3200/33125 27s (117.8/s)
04:17:22|INFO   |  pairs 4000/33125 32s (123.2/s)
04:17:26|INFO   |  pairs 4800/33125 37s (130.2/s)
04:17:32|INFO   |  pairs 5600/33125 42s (133.3/s)
04:17:37|INFO   |  pairs 6400/33125 47s (135.2/s)
04:17:41|INFO   |  pairs 7200/33125 52s (139.0/s)
04:17:47|INFO   |  pairs 8000/33125 57s (140.6/s)
04:17:54|INFO   |  pairs 8800/33125 64s (137.7/s)
04:18:01|INFO   |  pairs 9600/33125 71s (134.3/s)
04:18:08|INFO   |  pairs 10400/33125 78s (132.8/s)
04:18:15|INFO   |  pairs 11200/33125 85s (131.9/s)
04:18:20|INFO   |  pairs 12000/33125 90s (132.9/s)
04:18:27|INFO   |  pairs 12800/33125 97s (131.9/s)
04:18:31|INFO   |  pairs 13600/33125 102s (133.9/s)
04:18:39|INFO   |  pairs 14400/33125 109s (131.7/s)
04:18:46|INFO   |  pairs 15200/33125 116s (130.5/s)
04:18:51|INFO   |  pairs 16000/33125 122s (131.7/s)
04:18:58|INFO   |  pairs 16800/33125 128s (131.4/s)
04:19:02|INFO   |  pairs 17600/33125 133s (132.6/s)
04:19:09|INFO   |  pairs 18400/33125 139s (132.4/s)
04:19:14|INFO   |  pairs 19200/33125 145s (132.9/s)
04:19:20|INFO   |  pairs 20000/33125 150s (133.2/s)
04:19:26|INFO   |  pairs 20800/33125 156s (133.0/s)
04:19:31|INFO   |  pairs 21600/33125 162s (133.7/s)
04:19:37|INFO   |  pairs 22400/33125 167s (133.8/s)
04:19:43|INFO   |  pairs 23200/33125 173s (133.8/s)
04:19:48|INFO   |  pairs 24000/33125 179s (134.3/s)
04:19:54|INFO   |  pairs 24800/33125 184s (134.6/s)
04:20:00|INFO   |  pairs 25600/33125 190s (134.7/s)
04:20:05|INFO   |  pairs 26400/33125 196s (135.0/s)
04:20:13|INFO   |  pairs 27200/33125 204s (133.7/s)
04:20:18|INFO   |  pairs 28000/33125 209s (134.3/s)
04:20:23|INFO   |  pairs 28800/33125 214s (134.8/s)
04:20:27|INFO   |  pairs 29600/33125 218s (136.1/s)
04:20:32|INFO   |  pairs 30400/33125 222s (136.9/s)
04:20:39|INFO   |  pairs 31200/33125 230s (135.7/s)
04:20:45|INFO   |  pairs 32000/33125 235s (136.1/s)
04:20:52|INFO   |  pairs 32805/33125 242s (135.4/s)
04:21:05|INFO   |pairs done 33125 in 255s
04:21:26|INFO   |M2 done in 374s
