16:24:32|INFO   |===== stage analysis (limit_sents=None)
16:24:54|INFO   |LC_onecoin: P=0.756 [0.701,0.808] S=0.810 T=0.680 cov=0.937
16:24:55|INFO   |LC_onecoin_str: P=0.757 [0.702,0.810] S=0.811 T=0.680 cov=0.937
16:24:56|INFO   |LC_huiwalter: P=0.755 [0.700,0.809] S=0.810 T=0.680 cov=0.937
16:24:56|INFO   |LC_maj: P=0.765 [0.710,0.816] S=0.824 T=0.664 cov=0.937
16:24:57|INFO   |LC_ds_binary: P=0.787 [0.733,0.836] S=0.831 T=0.677 cov=0.937
16:24:58|INFO   |LC_granular: P=0.753 [0.697,0.805] S=0.813 T=0.685 cov=0.937
16:24:58|INFO   |LC_within: P=0.728 [0.581,0.854] S=0.753 T=0.664 cov=0.210
16:24:59|INFO   |A3: P=0.642 [0.589,0.695] S=0.609 T=0.599 cov=0.904
16:25:00|INFO   |A0: P=0.656 [0.604,0.705] S=0.654 T=0.617 cov=0.904
16:25:00|INFO   |Ccov: P=0.655 [0.607,0.705] S=0.642 T=0.614 cov=0.937
16:25:01|INFO   |B2: P=0.500 [0.500,0.500] S=0.500 T=0.556 cov=1.000
16:25:01|INFO   |B2_armB: P=0.511 [0.495,0.526] S=0.509 T=0.560 cov=1.000
16:25:02|INFO   |B7: P=0.511 [0.500,0.526] S=0.509 T=0.556 cov=1.000
16:25:02|INFO   |B7_arity_self: P=0.501 [0.500,0.503] S=0.501 T=0.557 cov=1.000
16:25:02|INFO   |B7_arity_story: P=0.511 [0.502,0.525] S=0.509 T=0.557 cov=1.000
16:25:03|INFO   |B7_joint: P=0.500 [0.495,0.507] S=0.500 T=0.556 cov=1.000
16:25:03|INFO   |B7_jacc: P=0.787 [0.670,0.879] S=0.659 T=0.606 cov=0.211
16:25:03|INFO   |B8: P=0.771 [0.660,0.860] S=0.748 T=0.650 cov=0.210
16:25:04|INFO   |B1L: P=0.704 [0.664,0.746] S=0.662 T=0.605 cov=1.000
16:25:04|INFO   |B1plusL: P=0.786 [0.745,0.825] S=0.760 T=0.760 cov=0.040
16:25:05|INFO   |A1L: P=0.557 [0.500,0.610] S=0.561 T=0.558 cov=0.896
16:25:05|INFO   |B3cosL: P=0.723 [0.672,0.770] S=0.617 T=0.629 cov=0.140
16:25:05|INFO   |B3nliL: P=0.748 [0.697,0.796] S=0.641 T=0.675 cov=0.140
16:25:06|INFO   |B3cL: P=0.601 [0.567,0.637] S=0.580 T=0.580 cov=0.140
16:25:07|INFO   |RANDOM: P=0.480 [0.423,0.537] S=0.489 T=0.496 cov=1.000
16:26:12|INFO   |analysis done in 98s
