04:43:52|INFO   |label quality: {"fleiss_kappa_L3_full_subset": 0.5379679144385028, "n_L3_full_subset": 24, "fleiss_kappa_L0_full_subset": 0.46640316205533594, "n_L0_full_subset": 45, "wrong_gold_rate_by_corpus": {"malls": {"rate": 0.5529411764705883, "ci95": [0.4823529411764706, 0.6294117647058823], "n": 170}, "folio": {"rate": 0.62, "ci95": [0.54, 0.7], "n": 150}, "proverqa": {"rate": 0.14615384615384616, "ci95": [0.09230769230769231, 0.2076923076923077], "n": 130}}, "wrong_gold_rate_all": {"rate": 0.4577777777777778, "ci95": [0.4111111111111111, 0.5022222222222222], "n": 450}, "correct_but_inequivalent_rate_weighted": 0.43814715094574136, "n_solver_nonequiv_panel": 168, "panel_unfaithful_among_solver_equiv_weighted": 0.08112004992815525, "n_solver_equiv_panel": 77, "solver_panel_agreement_weighted": 0.6892586733283742
04:44:00|INFO   |ladder {'panel': {'L1_uniform': 0.8006328040813288, 'L12_uniform': 0.8006328040813288, 'L123_uniform': 0.7908190859099717, 'LC_maj': 0.7968846160822831, 'LC_ds_binary': 0.8295204929460426, 'LC_onecoin': 0.8337812015165488, 'DC': 0.8266578921845197, 'DC:L3off_UAin_uniform_caps1': 0.8006328040813288, 'DC:L3on_UAin_DS_caps1': 0.8201277612836312, 'DC+SP(oof)': 0.7913523093820041}, 'solver': {'L1_uniform': 0.8636254643701452, 'L12_uniform': 0.8630989223542415, 'L123_uniform': 0.8391946823861718, 'LC_maj': 0.8590120045439195, 'LC_ds_binary': 0.865226274907126, 'LC_onecoin': 0.8503814743176445, 'DC': 0.8741019618679193, 'DC:L3off_UAin_uniform_caps1': 0.8630989223542415, 'DC:L3on_UAin_DS_caps1': 0.8593874919406834, 'DC+SP(oof)': 0.8673356666973688}}
04:44:29|INFO   |pairs: 3828 jobs, 2501 new unique (20 identical strings), 2481 to solve
04:44:42|INFO   |pairs 1000/2481 13s (77.3/s)
04:44:44|INFO   |pairs 2000/2481 15s (134.9/s)
04:45:04|INFO   |pairs done: {'n_solved': 2481, 'wall_s': 34.5, 'mean_s': 0.0766303909713825, 'p95_s': 0.243, 'max_s': 9.658}
04:45:04|INFO   |wrong-gold flag {'n': 450, 'base_rate': 0.4577777777777778, 'AUROC_1_minus_DC_gold': 0.8586463472863282, 'precision_at_50': 0.8}
04:45:37|INFO   |pairs: 12799 jobs, 9440 new unique (2 identical strings), 9438 to solve
04:46:07|INFO   |pairs 1000/9438 31s (32.7/s)
04:46:12|INFO   |pairs 2000/9438 36s (56.2/s)
04:46:14|INFO   |pairs 3000/9438 38s (79.9/s)
04:46:16|INFO   |pairs 4000/9438 40s (100.5/s)
04:46:19|INFO   |pairs 5000/9438 42s (119.0/s)
04:46:21|INFO   |pairs 6000/9438 45s (134.8/s)
04:46:23|INFO   |pairs 7000/9438 46s (151.6/s)
04:46:24|INFO   |pairs 8000/9438 47s (169.0/s)
04:46:25|INFO   |pairs 9000/9438 48s (187.0/s)
04:46:31|INFO   |pairs done: {'n_solved': 9438, 'wall_s': 54.0, 'mean_s': 0.05944628099173553, 'p95_s': 0.208, 'max_s': 10.94}
04:47:57|INFO   |pairs: 3236 jobs, 1541 new unique (46 identical strings), 1495 to solve
04:48:03|INFO   |pairs 1000/1495 5s (184.3/s)
04:48:04|INFO   |pairs done: {'n_solved': 1495, 'wall_s': 6.5, 'mean_s': 0.029603344481605353, 'p95_s': 0.11729999999999996, 'max_s': 1.86}
04:48:06|INFO   |analysis written
